#-----------------------------------------------------------
# Vivado v2016.2 (64-bit)
# SW Build 1577090 on Thu Jun  2 16:32:40 MDT 2016
# IP Build 1577682 on Fri Jun  3 12:00:54 MDT 2016
# Start of session at: Sun Jul 03 22:15:38 2016
# Process ID: 9372
# Current directory: F:/Xilinx/Projects/ip_repo/chacha_customip_trial_1.0/chacha_customip_trial_v1_0_project/chacha_customip_trial_v1_0_project.runs/synth_1
# Command line: vivado.exe -log chacha_customip_trial_v1_0.vds -mode batch -messageDb vivado.pb -notrace -source chacha_customip_trial_v1_0.tcl
# Log file: F:/Xilinx/Projects/ip_repo/chacha_customip_trial_1.0/chacha_customip_trial_v1_0_project/chacha_customip_trial_v1_0_project.runs/synth_1/chacha_customip_trial_v1_0.vds
# Journal file: F:/Xilinx/Projects/ip_repo/chacha_customip_trial_1.0/chacha_customip_trial_v1_0_project/chacha_customip_trial_v1_0_project.runs/synth_1\vivado.jou
#-----------------------------------------------------------
source chacha_customip_trial_v1_0.tcl -notrace
