#-----------------------------------------------------------
# Webtalk v2016.2 (64-bit)
# SW Build 1577090 on Thu Jun  2 16:32:40 MDT 2016
# IP Build 1577682 on Fri Jun  3 12:00:54 MDT 2016
# Start of session at: Sat Jul 02 14:29:48 2016
# Process ID: 20896
# Current directory: F:/Xilinx/Projects/ip_repo/chacha_customip_trial_1.0/chacha_customip_trial_v1_0_project
# Command line: wbtcv.exe -mode batch -source F:/Xilinx/Projects/ip_repo/chacha_customip_trial_1.0/chacha_customip_trial_v1_0_project/chacha_customip_trial_v1_0_project.hw/webtalk/labtool_webtalk.tcl -notrace
# Log file: F:/Xilinx/Projects/ip_repo/chacha_customip_trial_1.0/chacha_customip_trial_v1_0_project/webtalk.log
# Journal file: F:/Xilinx/Projects/ip_repo/chacha_customip_trial_1.0/chacha_customip_trial_v1_0_project\webtalk.jou
#-----------------------------------------------------------
source F:/Xilinx/Projects/ip_repo/chacha_customip_trial_1.0/chacha_customip_trial_v1_0_project/chacha_customip_trial_v1_0_project.hw/webtalk/labtool_webtalk.tcl -notrace
